Total value of medical services: 7475565762

Maximum number of medical services: 3
 100068 Achwd Mxxrdr
 100045 Endtomfgd Dwfcgpxiqv
 100023 Ljjivswmdk Tbxixmvtrrb

Maximum cumulated value: 1500000
 100068 Achwd Mxxrdr
 100023 Ljjivswmdk Tbxixmvtrrb
 100111 Uyibyebmws Qyoygyxymze

Persons without insurance: 438
